// Jest Snapshot v1, https://goo.gl/fbAQLP

exports[`Message snapshot 1`] = `
<DocumentFragment>
  <input
    class="input"
    placeholder="Введите текст"
    type="text"
    value=""
  />
</DocumentFragment>
`;
